============================================================\nMySelfAgent - Complete Execution Log\n============================================================\n\n[19:45:35.977] [GOAL] Goal: 今天几号\n[19:45:35.978] [CONFIG] Max iterations: 10\n[19:45:35.978] [CONFIG] Reasoning effort: medium\n[19:45:35.978] [PLAN] Creating plan with LLM...\n[19:45:46.798] [PLAN] Plan created: 1 steps\n[19:45:46.798] [PLAN]   Step 1: 获取当前系统日期并返回\n[19:45:46.800] [ITER] Iter 1: Step 1 - 获取当前系统日期并返回\n[19:45:46.800] [DECIDE] Deciding...\n[19:45:46.800] [MSG] [DEVELOPER] You are an AI agent that EXECUTES tasks by WRITING REAL CODE.
CRITICAL RULES:
1. Return ONLY JSON: {"tool": "tool_name", "params": {"key": "value"}}
2. Write COMPLETE, RUNNABLE code - NOT placeholders
3. For HTML projects: use python_exec to write the file
4. NEVER output plan text or descriptions as file content
5. Implement ALL features from requirements, including:
   - Typing effect for hero section
   - Particle background using Canvas API
   - Dashboard stats with counter animation
   - 3D flip cards with CSS transform
   - Radar chart using Canvas API
   - Project filtering with data attributes
   - Blog section with cards
   - Testimonials carousel with auto-play
   - Multi-step form with validation
   - File upload with drag & drop
   - Dark mode toggle with localStorage
   - Back to top button
6. Combine ALL operations into ONE python_exec call

Available tools:
[
  {
    "name": "python_exec",
    "description": "Execute Python code and return output",
    "parameters": {
      "type": "object",
      "properties": {
        "code": {
          "type": "string"
        }
      },
      "required": [
        "code"
      ]
    }
  },
  {
    "name": "file_io",
    "description": "File operations: read, write, list directory",
    "parameters": {
      "type": "object",
      "properties": {
        "action": {
          "type": "string",
          "enum": [
            "read",
            "write",
            "list"
          ]
        },
        "path": {
          "type": "string"
        },
        "content": {
          "type": "string"
        }
      },
      "required": [
        "action",
        "path"
      ]
    }
  },
  {
    "name": "search",
    "description": "Search content in text or files",
    "parameters": {
      "type": "object",
      "properties": {
        "action": {
          "type": "string",
          "enum": [
            "text",
            "file",
            "files"
          ]
        },
        "pattern": {
          "type": "string"
        },
        "text": {
          "type": "string"
        },
        "target": {
          "type": "string"
        }
      },
      "required": [
        "action",
        "pattern"
      ]
    }
  },
  {
    "name": "datetime",
    "description": "Get current date/time or compute relative dates",
    "parameters": {
      "type": "object",
      "properties": {
        "action": {
          "type": "string",
          "description": "Action: now, date, time, weekday, tomorrow, yesterday, +N, -N",
          "default": "now"
        }
      },
      "required": []
    }
  }
]

Output format:
{"tool": "tool_name", "params": {"key": "value"}}

Token Budget: Completion tokens minimal. Code exempt. Other output <= 500 tokens.\n[19:45:46.800] [MSG] [USER] Goal: 今天几号
Current step: 获取当前系统日期并返回\n[19:45:46.800] [API_REQ] Full prompt sent to LLM\n[19:45:50.066] [API_RES] LLM response complete (50 chars)\n[19:45:50.066] [DECIDE] Decision: 3.27s\n[19:45:50.066] [TOOL] Tool: datetime\n[19:45:50.066] [SAFETY] Safety: ok\n[19:45:50.066] [EXEC] Executing...\n[19:45:50.066] [EXEC] Executed: 0.00s\n[19:45:50.066] [RESULT] Result: {"success": true, "date": "2026-08-30"}\n[19:45:50.068] [ITER] Iter 1 done: 3.27s\n[19:45:50.068] [EVAL] Evaluating...\n[19:47:25.420] [EVAL] Eval: replan - 输出中未显示实际日期，信息不完整，可能不是真实数据\n[19:47:25.420] [PLAN] Replanning: 1 new steps\n[19:47:25.420] [ITER] Iter 2: Step 2 - 重新执行获取当前系统日期并返回具体日期，确保输出包含日期数据\n[19:47:25.420] [DECIDE] Deciding...\n[19:47:25.421] [MSG] [DEVELOPER] You are an AI agent that EXECUTES tasks by WRITING REAL CODE.
CRITICAL RULES:
1. Return ONLY JSON: {"tool": "tool_name", "params": {"key": "value"}}
2. Write COMPLETE, RUNNABLE code - NOT placeholders
3. For HTML projects: use python_exec to write the file
4. NEVER output plan text or descriptions as file content
5. Implement ALL features from requirements, including:
   - Typing effect for hero section
   - Particle background using Canvas API
   - Dashboard stats with counter animation
   - 3D flip cards with CSS transform
   - Radar chart using Canvas API
   - Project filtering with data attributes
   - Blog section with cards
   - Testimonials carousel with auto-play
   - Multi-step form with validation
   - File upload with drag & drop
   - Dark mode toggle with localStorage
   - Back to top button
6. Combine ALL operations into ONE python_exec call

Available tools:
[
  {
    "name": "python_exec",
    "description": "Execute Python code and return output",
    "parameters": {
      "type": "object",
      "properties": {
        "code": {
          "type": "string"
        }
      },
      "required": [
        "code"
      ]
    }
  },
  {
    "name": "file_io",
    "description": "File operations: read, write, list directory",
    "parameters": {
      "type": "object",
      "properties": {
        "action": {
          "type": "string",
          "enum": [
            "read",
            "write",
            "list"
          ]
        },
        "path": {
          "type": "string"
        },
        "content": {
          "type": "string"
        }
      },
      "required": [
        "action",
        "path"
      ]
    }
  },
  {
    "name": "search",
    "description": "Search content in text or files",
    "parameters": {
      "type": "object",
      "properties": {
        "action": {
          "type": "string",
          "enum": [
            "text",
            "file",
            "files"
          ]
        },
        "pattern": {
          "type": "string"
        },
        "text": {
          "type": "string"
        },
        "target": {
          "type": "string"
        }
      },
      "required": [
        "action",
        "pattern"
      ]
    }
  },
  {
    "name": "datetime",
    "description": "Get current date/time or compute relative dates",
    "parameters": {
      "type": "object",
      "properties": {
        "action": {
          "type": "string",
          "description": "Action: now, date, time, weekday, tomorrow, yesterday, +N, -N",
          "default": "now"
        }
      },
      "required": []
    }
  }
]

Output format:
{"tool": "tool_name", "params": {"key": "value"}}

Token Budget: Completion tokens minimal. Code exempt. Other output <= 500 tokens.\n[19:47:25.421] [MSG] [USER] Goal: 今天几号
Current step: 重新执行获取当前系统日期并返回具体日期，确保输出包含日期数据\n[19:47:25.421] [MSG] [ASSISTANT] Previous results:
Step 1: datetime -> \n[19:47:25.421] [API_REQ] Full prompt sent to LLM\n[19:47:50.981] [API_RES] LLM response complete (63 chars)\n[19:47:50.981] [DECIDE] Decision: 25.56s\n[19:47:50.981] [TOOL] Tool: datetime\n[19:47:50.981] [SAFETY] Safety: ok\n[19:47:50.981] [EXEC] Executing...\n[19:47:50.981] [EXEC] Executed: 0.00s\n[19:47:50.981] [RESULT] Result: {"success": true, "datetime": "2026-08-30 19:47:50", "date": "2026-08-30", "time": "19:47:50"}\n[19:47:50.984] [ITER] Iter 2 done: 25.56s\n[19:47:50.984] [EVAL] Evaluating...\n[19:48:24.655] [EVAL] Eval: replan - Result lacks actual date data needed to achieve the goal.\n[19:48:24.655] [PLAN] Replanning: 1 new steps\n[19:48:24.655] [ITER] Iter 3: Step 3 - execute system date retrieval and output the specific date\n[19:48:24.655] [DECIDE] Deciding...\n[19:48:24.656] [MSG] [DEVELOPER] You are an AI agent that EXECUTES tasks by WRITING REAL CODE.
CRITICAL RULES:
1. Return ONLY JSON: {"tool": "tool_name", "params": {"key": "value"}}
2. Write COMPLETE, RUNNABLE code - NOT placeholders
3. For HTML projects: use python_exec to write the file
4. NEVER output plan text or descriptions as file content
5. Implement ALL features from requirements, including:
   - Typing effect for hero section
   - Particle background using Canvas API
   - Dashboard stats with counter animation
   - 3D flip cards with CSS transform
   - Radar chart using Canvas API
   - Project filtering with data attributes
   - Blog section with cards
   - Testimonials carousel with auto-play
   - Multi-step form with validation
   - File upload with drag & drop
   - Dark mode toggle with localStorage
   - Back to top button
6. Combine ALL operations into ONE python_exec call

Available tools:
[
  {
    "name": "python_exec",
    "description": "Execute Python code and return output",
    "parameters": {
      "type": "object",
      "properties": {
        "code": {
          "type": "string"
        }
      },
      "required": [
        "code"
      ]
    }
  },
  {
    "name": "file_io",
    "description": "File operations: read, write, list directory",
    "parameters": {
      "type": "object",
      "properties": {
        "action": {
          "type": "string",
          "enum": [
            "read",
            "write",
            "list"
          ]
        },
        "path": {
          "type": "string"
        },
        "content": {
          "type": "string"
        }
      },
      "required": [
        "action",
        "path"
      ]
    }
  },
  {
    "name": "search",
    "description": "Search content in text or files",
    "parameters": {
      "type": "object",
      "properties": {
        "action": {
          "type": "string",
          "enum": [
            "text",
            "file",
            "files"
          ]
        },
        "pattern": {
          "type": "string"
        },
        "text": {
          "type": "string"
        },
        "target": {
          "type": "string"
        }
      },
      "required": [
        "action",
        "pattern"
      ]
    }
  },
  {
    "name": "datetime",
    "description": "Get current date/time or compute relative dates",
    "parameters": {
      "type": "object",
      "properties": {
        "action": {
          "type": "string",
          "description": "Action: now, date, time, weekday, tomorrow, yesterday, +N, -N",
          "default": "now"
        }
      },
      "required": []
    }
  }
]

Output format:
{"tool": "tool_name", "params": {"key": "value"}}

Token Budget: Completion tokens minimal. Code exempt. Other output <= 500 tokens.\n[19:48:24.656] [MSG] [USER] Goal: 今天几号
Current step: execute system date retrieval and output the specific date\n[19:48:24.656] [MSG] [ASSISTANT] Previous results:
Step 1: datetime -> 
Step 2: datetime -> \n[19:48:24.656] [API_REQ] Full prompt sent to LLM\n[19:48:40.594] [API_RES] LLM response complete (50 chars)\n[19:48:40.594] [DECIDE] Decision: 15.94s\n[19:48:40.594] [TOOL] Tool: datetime\n[19:48:40.594] [SAFETY] Safety: ok\n[19:48:40.594] [EXEC] Executing...\n[19:48:40.594] [EXEC] Executed: 0.00s\n[19:48:40.594] [RESULT] Result: {"success": true, "date": "2026-08-30"}\n[19:48:40.594] [ITER] Iter 3 done: 15.94s\n[19:48:40.594] [EVAL] Evaluating...\n[19:49:29.605] [EVAL] Eval: replan - Step result 'Success:' does not output the specific date as required, failing completeness goal.\n[19:49:29.605] [PLAN] Replanning: 1 new steps\n[19:49:29.605] [ITER] Iter 4: Step 4 - Execute a step to display or return the current date in a readable format.\n[19:49:29.605] [DECIDE] Deciding...\n[19:49:29.605] [MSG] [DEVELOPER] You are an AI agent that EXECUTES tasks by WRITING REAL CODE.
CRITICAL RULES:
1. Return ONLY JSON: {"tool": "tool_name", "params": {"key": "value"}}
2. Write COMPLETE, RUNNABLE code - NOT placeholders
3. For HTML projects: use python_exec to write the file
4. NEVER output plan text or descriptions as file content
5. Implement ALL features from requirements, including:
   - Typing effect for hero section
   - Particle background using Canvas API
   - Dashboard stats with counter animation
   - 3D flip cards with CSS transform
   - Radar chart using Canvas API
   - Project filtering with data attributes
   - Blog section with cards
   - Testimonials carousel with auto-play
   - Multi-step form with validation
   - File upload with drag & drop
   - Dark mode toggle with localStorage
   - Back to top button
6. Combine ALL operations into ONE python_exec call

Available tools:
[
  {
    "name": "python_exec",
    "description": "Execute Python code and return output",
    "parameters": {
      "type": "object",
      "properties": {
        "code": {
          "type": "string"
        }
      },
      "required": [
        "code"
      ]
    }
  },
  {
    "name": "file_io",
    "description": "File operations: read, write, list directory",
    "parameters": {
      "type": "object",
      "properties": {
        "action": {
          "type": "string",
          "enum": [
            "read",
            "write",
            "list"
          ]
        },
        "path": {
          "type": "string"
        },
        "content": {
          "type": "string"
        }
      },
      "required": [
        "action",
        "path"
      ]
    }
  },
  {
    "name": "search",
    "description": "Search content in text or files",
    "parameters": {
      "type": "object",
      "properties": {
        "action": {
          "type": "string",
          "enum": [
            "text",
            "file",
            "files"
          ]
        },
        "pattern": {
          "type": "string"
        },
        "text": {
          "type": "string"
        },
        "target": {
          "type": "string"
        }
      },
      "required": [
        "action",
        "pattern"
      ]
    }
  },
  {
    "name": "datetime",
    "description": "Get current date/time or compute relative dates",
    "parameters": {
      "type": "object",
      "properties": {
        "action": {
          "type": "string",
          "description": "Action: now, date, time, weekday, tomorrow, yesterday, +N, -N",
          "default": "now"
        }
      },
      "required": []
    }
  }
]

Output format:
{"tool": "tool_name", "params": {"key": "value"}}

Token Budget: Completion tokens minimal. Code exempt. Other output <= 500 tokens.\n[19:49:29.605] [MSG] [USER] Goal: 今天几号
Current step: Execute a step to display or return the current date in a readable format.\n[19:49:29.605] [MSG] [ASSISTANT] Previous results:
Step 1: datetime -> 
Step 2: datetime -> 
Step 3: datetime -> \n[19:49:29.605] [API_REQ] Full prompt sent to LLM\n[19:49:37.012] [API_RES] LLM response complete (63 chars)\n[19:49:37.012] [DECIDE] Decision: 7.41s\n[19:49:37.012] [TOOL] Tool: datetime\n[19:49:37.012] [SAFETY] Safety: ok\n[19:49:37.012] [EXEC] Executing...\n[19:49:37.012] [EXEC] Executed: 0.00s\n[19:49:37.012] [RESULT] Result: {"success": true, "datetime": "2026-08-30 19:49:37", "date": "2026-08-30", "time": "19:49:37"}\n[19:49:37.014] [ITER] Iter 4 done: 7.41s\n[19:49:37.014] [EVAL] Evaluating...\n[19:50:01.237] [EVAL] Eval: stop - all steps completed, goal achieved\n[19:50:01.237] [DONE] LLM says stop - goal achieved\n[19:50:01.237] [CTX] Context: 154 tokens, 5% used\n[19:50:01.237] [DONE] Done: 265.26s, 4 iters\n\n============================================================\nTotal entries: 75\n============================================================\n